// Jest Snapshot v1, https://goo.gl/fbAQLP

exports[`RoleRenderer should render 1`] = `
<div>
  <td>
    <span>
      Owner
    </span>
  </td>
</div>
`;

exports[`RoleRenderer should render as being edited 1`] = `
<div>
  <td>
    <span>
      <div
        class="dropdown"
      >
        <button
          aria-expanded="false"
          aria-haspopup="true"
          class="dropdown-toggle d-flex justify-content-between  align-items-center btn btn-sm btn-secondary"
          type="button"
        >
          <span
            class="text-truncate mr-2"
          >
            Member
          </span>
          <svg
            class="lexicon-icon lexicon-icon-caret-bottom mt-0"
            role="presentation"
          >
            <use
              href="#caret-bottom"
            />
          </svg>
        </button>
      </div>
    </span>
  </td>
</div>
`;
