// Jest Snapshot v1, https://goo.gl/fbAQLP

exports[`FieldDropDown should render 1`] = `
<div>
  <div>
    <div
      class="dropdown searchable-select-root"
    >
      <button
        aria-expanded="false"
        aria-haspopup="true"
        class="dropdown-toggle button-root d-flex align-items-center justify-content-between w-100 btn btn-unstyled"
        type="button"
      >
        
        <svg
          class="lexicon-icon lexicon-icon-caret-bottom icon-root ml-2"
          role="presentation"
        >
          <use
            href="#caret-bottom"
          />
        </svg>
      </button>
    </div>
    <div
      class="example-value text-truncate"
    />
  </div>
</div>
`;
