// Jest Snapshot v1, https://goo.gl/fbAQLP

exports[`AttributeFilterSection renders 1`] = `
<div>
  <div
    class="attribute-filter-section-root d-flex align-items-center"
  >
    <div
      class="section-header"
    >
      Filter
    </div>
  </div>
</div>
`;

exports[`AttributeFilterSection renders w/ filter 1`] = `
<div>
  <div
    class="attribute-filter-section-root d-flex align-items-center"
  >
    <div
      class="section-header"
    >
      Filter
    </div>
    <div
      class="attribute-container d-flex align-items-center justify-content-between"
    >
      <div
        class="attribute-list d-flex align-items-center"
      >
        <div
          class="dropdown"
        >
          <div
            class="attribute-chip-container"
          >
            <div
              class="chip-root d-flex align-items-center justify-content-between attribute-chip-root"
            >
              <button
                class="button-root edit-attribute-button d-flex btn btn-unstyled"
                type="button"
              >
                <div
                  class="sticker"
                >
                  <svg
                    class="lexicon-icon lexicon-icon-text icon-root"
                    role="presentation"
                  >
                    <use
                      href="#text"
                    />
                  </svg>
                </div>
                <div>
                  <div
                    class="attribute-label"
                  >
                     | Job Title
                  </div>
                  <div
                    class="attribute-value"
                  >
                    is "undefined"
                  </div>
                </div>
              </button>
              <button
                aria-label="Close"
                class="button-root remove-button btn btn-unstyled"
                type="button"
              >
                <svg
                  class="lexicon-icon lexicon-icon-times-circle icon-root"
                  role="presentation"
                >
                  <use
                    href="#times-circle"
                  />
                </svg>
              </button>
            </div>
          </div>
        </div>
      </div>
      <div
        class="dropdown"
      >
        <button
          aria-expanded="false"
          aria-haspopup="true"
          aria-label="Add"
          class="dropdown-toggle button-root add-attribute btn btn-outline-borderless btn-sm btn-outline-secondary"
          type="button"
        >
          <svg
            class="lexicon-icon lexicon-icon-plus icon-root"
            role="presentation"
          >
            <use
              href="#plus"
            />
          </svg>
        </button>
      </div>
    </div>
  </div>
</div>
`;
