// Jest Snapshot v1, https://goo.gl/fbAQLP

exports[`Breadcrumbs should render 1`] = `
<div>
  <ol
    class="breadcrumb breadcrumbs-root"
  >
    <li
      class="dropdown dropdown-root breadcrumb-item"
    >
      <button
        aria-expanded="false"
        aria-haspopup="true"
        aria-label="Menu"
        class="dropdown-toggle breadcrumb-link btn btn-unstyled"
        type="button"
      >
        <svg
          class="lexicon-icon lexicon-icon-ellipsis-h icon-root"
          role="presentation"
        >
          <use
            href="#ellipsis-h"
          />
        </svg>
      </button>
    </li>
    <li
      class="breadcrumb-item"
    >
      <a
        class="breadcrumb-text-truncate breadcrumb-link"
        href="/#five"
      >
        five
      </a>
    </li>
    <li
      class="breadcrumb-item"
    >
      <a
        class="breadcrumb-text-truncate breadcrumb-link"
        href="/#six"
      >
        six
      </a>
    </li>
    <li
      class="breadcrumb-item"
    >
      <a
        class="breadcrumb-text-truncate breadcrumb-link"
        href="/#seven"
      >
        seven
      </a>
    </li>
  </ol>
</div>
`;
