// Jest Snapshot v1, https://goo.gl/fbAQLP

exports[`InputWithEditToggle should render 1`] = `
<div>
  <div
    class="input-with-edit-toggle-root definition-item-root"
  >
    <div
      class="d-inline-flex"
    >
      <span
        class="text-8 font-weight-bold"
      />
      <button
        aria-label="Edit"
        class="button-root btn btn-outline-borderless btn-sm btn-outline-secondary"
        data-testid="edit"
        type="button"
      >
        <svg
          class="lexicon-icon lexicon-icon-pencil icon-root"
          role="presentation"
        >
          <use
            href="#pencil"
          />
        </svg>
      </button>
    </div>
  </div>
</div>
`;
