// Jest Snapshot v1, https://goo.gl/fbAQLP

exports[`RowActions should render 1`] = `
<div>
  <td
    class=""
  >
    <div
      class="dropdown dropdown-action"
    >
      <button
        aria-expanded="false"
        aria-haspopup="true"
        aria-label="Menu"
        class="dropdown-toggle component-action btn btn-unstyled"
        type="button"
      >
        <svg
          class="lexicon-icon lexicon-icon-ellipsis-v"
          role="presentation"
        >
          <use
            href="#ellipsis-v"
          />
        </svg>
      </button>
    </div>
  </td>
</div>
`;
