// Jest Snapshot v1, https://goo.gl/fbAQLP

exports[`SelectInput should render 1`] = `
<div>
  <div
    class="dropdown dropdown-root base-select-container"
  >
    <div
      aria-expanded="false"
      aria-haspopup="true"
      class="dropdown-toggle"
    >
      <div
        class="input-group base-select-input-root select-input-root"
      >
        <div
          class="input-group-item"
        >
          <input
            autocomplete="off"
            class="input-root form-control input-group-inset input-group-inset-after"
            placeholder=""
            type="text"
            value=""
          />
          <div
            class="input-group-inset-item input-group-inset-item-after"
          >
            <svg
              class="lexicon-icon lexicon-icon-caret-bottom icon-root"
              role="presentation"
            >
              <use
                href="#caret-bottom"
              />
            </svg>
          </div>
        </div>
      </div>
    </div>
  </div>
</div>
`;
