// Jest Snapshot v1, https://goo.gl/fbAQLP

exports[`SegmentProfileCard should render 1`] = `
<div>
  <div
    class="card card-root segment-profile-card-root"
    id="container.report.segmentMembershipCard"
  >
    <div
      class="card-header align-items-center d-flex justify-content-between"
    >
      <div
        class="card-title"
      >
        Segment Membership Trend
      </div>
      <span
        class="text-secondary text-uppercase"
      >
        <strong>
          Last 30 days
        </strong>
      </span>
    </div>
    <div
      class="card-body"
    >
      <div
        class="composed-chart-with-empty-state"
      >
        <div
          class="recharts-responsive-container"
          style="width: 100%; height: 360px; min-width: 0;"
        />
      </div>
    </div>
    <div
      class="card-footer"
    >
      <a
        class="button-root btn btn-outline-borderless btn-sm btn-outline-secondary"
        href="/workspace/23/123/contacts/segments/3/membership"
      >
        View Members
        <svg
          class="lexicon-icon lexicon-icon-angle-right-small icon-root ml-2"
          role="presentation"
        >
          <use
            href="#angle-right-small"
          />
        </svg>
      </a>
    </div>
  </div>
</div>
`;
