// Jest Snapshot v1, https://goo.gl/fbAQLP

exports[`DateFilter should render 1`] = `
<div>
  <form
    class="form-root"
  >
    <div
      class="options-body"
    >
      <div
        class="form-group form-group-autofit"
      >
        <div
          class="form-group-item"
        >
          <div
            class=""
          >
            <label
              class="form-control-label label-root"
              for="operator"
            >
              <span
                class="content-container"
              >
                Condition
              </span>
            </label>
            <select
              class="form-control select-root"
              id="operator"
              name="operator"
            >
              <option
                value="eq"
              >
                is
              </option>
              <option
                value="lt"
              >
                before
              </option>
              <option
                value="gt"
              >
                after
              </option>
              <option
                value="between"
              >
                is between
              </option>
            </select>
          </div>
        </div>
      </div>
      <div
        class="form-group form-group-autofit"
      >
        <div
          class="form-group-item"
        >
          <div
            class="form-date-input-root"
          >
            <div
              class="dropdown dropdown-range-key-root"
            >
              <div
                aria-expanded="false"
                aria-haspopup="true"
                class="dropdown-toggle"
              >
                <div
                  class="input-group"
                >
                  <div
                    class="input-group-item"
                  >
                    <input
                      autocomplete="off"
                      class="input-root form-control input-group-inset input-group-inset-after"
                      data-testid="date-input"
                      id="date"
                      name="date"
                      placeholder="YYYY-MM-DD"
                      type="text"
                      value=""
                    />
                    <div
                      class="input-group-inset-item input-group-inset-item-after"
                    >
                      <button
                        aria-label="Choose a date"
                        class="button-root btn btn-unstyled"
                        type="button"
                      >
                        <svg
                          class="lexicon-icon lexicon-icon-calendar icon-root"
                          role="presentation"
                        >
                          <use
                            href="#calendar"
                          />
                        </svg>
                      </button>
                    </div>
                  </div>
                </div>
              </div>
            </div>
          </div>
        </div>
      </div>
    </div>
    <div
      class="options-footer"
    >
      <button
        class="button-root btn btn-block btn-primary"
        disabled=""
        type="submit"
      >
        Apply
      </button>
    </div>
  </form>
</div>
`;
