// Jest Snapshot v1, https://goo.gl/fbAQLP

exports[`TrendItem should render 1`] = `
<div>
  <div
    class="trend-item-root"
  >
    <div
      class="trend-item-title d-flex justify-content-between"
    >
      <h5
        class="card-title"
      >
        Total Individuals
      </h5>
    </div>
    <div
      class="d-flex align-items-center flex-grow-1 justify-content-center"
    >
      <div
        class="chart-root"
      >
        <div />
      </div>
      <div
        class="total"
      >
        1,341,321
      </div>
    </div>
    <div
      class="change description"
    >
      <span
        class="decrease"
      >
        <svg
          class="icon-root lexicon-icon lexicon-icon-caret-bottom"
          viewBox=""
        >
          <use
            xlink:href="/o/osb-faro-web/dist/sprite.svg#caret-bottom"
          />
        </svg>
        <b>
          -0.02%
        </b>
      </span>
       vs. Last 30 Days
    </div>
  </div>
</div>
`;

exports[`TypeTrend should render 1`] = `
<div>
  <div
    class="type-trend-root"
  />
</div>
`;
