// Jest Snapshot v1, https://goo.gl/fbAQLP

exports[`TypeTrendCard should render 1`] = `
<div>
  <div
    class="card card-root type-trend-card-root text-secondary"
  >
    <div
      class="card-body"
    >
      <div
        class="type-trend-root"
      >
        <div
          class="trend-item-root"
        >
          <div
            class="trend-item-title d-flex justify-content-between"
          >
            <h5
              class="card-title"
            >
              Total Individuals
            </h5>
          </div>
          <div
            class="d-flex align-items-center flex-grow-1 justify-content-center"
          >
            <div
              class="chart-root"
            >
              <div />
            </div>
            <div
              class="total"
            >
              1,300,000,000
            </div>
          </div>
          <div
            class="change description"
          >
            <span
              class="decrease"
            >
              <svg
                class="icon-root lexicon-icon lexicon-icon-caret-bottom"
                viewBox=""
              >
                <use
                  xlink:href="/o/osb-faro-web/dist/sprite.svg#caret-bottom"
                />
              </svg>
              <b>
                -25%
              </b>
            </span>
             vs. Last 30 Days
          </div>
        </div>
        <div
          class="trend-item-root"
        >
          <div
            class="trend-item-title d-flex justify-content-between"
          >
            <h5
              class="card-title"
            >
              Known
            </h5>
            <span
              class="info-popover-root"
            >
              <svg
                class="icon-root lexicon-icon lexicon-icon-question-circle-full"
                viewBox=""
              >
                <use
                  xlink:href="/o/osb-faro-web/dist/sprite.svg#question-circle-full"
                />
              </svg>
            </span>
          </div>
          <div
            class="d-flex align-items-center flex-grow-1 justify-content-center"
          >
            <div
              class="chart-root"
            >
              <div />
            </div>
            <div
              class="total"
            >
              11,987
            </div>
          </div>
          <div
            class="change description"
          >
            <span
              class="increase"
            >
              <svg
                class="icon-root lexicon-icon lexicon-icon-caret-top"
                viewBox=""
              >
                <use
                  xlink:href="/o/osb-faro-web/dist/sprite.svg#caret-top"
                />
              </svg>
              <b>
                +12.5%
              </b>
            </span>
             vs. Last 30 Days
          </div>
        </div>
        <div
          class="trend-item-root"
        >
          <div
            class="trend-item-title d-flex justify-content-between"
          >
            <h5
              class="card-title"
            >
              Anonymous
            </h5>
            <span
              class="info-popover-root"
            >
              <svg
                class="icon-root lexicon-icon lexicon-icon-question-circle-full"
                viewBox=""
              >
                <use
                  xlink:href="/o/osb-faro-web/dist/sprite.svg#question-circle-full"
                />
              </svg>
            </span>
          </div>
          <div
            class="d-flex align-items-center flex-grow-1 justify-content-center"
          >
            <div
              class="chart-root"
            >
              <div />
            </div>
            <div
              class="total"
            >
              1,323,321
            </div>
          </div>
          <div
            class="change description"
          >
            <span
              class=""
            >
              <b>
                0%
              </b>
            </span>
             vs. Last 30 Days
          </div>
        </div>
      </div>
    </div>
  </div>
</div>
`;
