// Jest Snapshot v1, https://goo.gl/fbAQLP

exports[`NewRuleModal should render 1`] = `
<div>
  <div
    aria-modal="true"
    class="modal-dialog new-rule-modal-root modal-lg"
    role="dialog"
  >
    <div
      class="modal-content"
    >
      <div
        class="modal-header has-title"
      >
        <div
          class="h4 modal-title"
        >
          New Rule
        </div>
      </div>
      <div
        class="modal-body"
      >
        <div>
          <div
            class="radio-group-root"
          >
            <div
              class="custom-control custom-radio custom-control-inline"
            >
              <label>
                <input
                  checked=""
                  class="custom-control-input"
                  name="includeExclude"
                  type="radio"
                />
                <span
                  class="custom-control-label"
                >
                  <span
                    class="custom-control-label-text"
                  >
                    Include
                  </span>
                </span>
              </label>
            </div>
            <div
              class="custom-control custom-radio custom-control-inline"
            >
              <label>
                <input
                  class="custom-control-input"
                  name="includeExclude"
                  type="radio"
                />
                <span
                  class="custom-control-label"
                >
                  <span
                    class="custom-control-label-text"
                  >
                    Exclude
                  </span>
                </span>
              </label>
            </div>
          </div>
        </div>
        <div>
          <div
            class="strings-matching-input-container"
          >
            <span
              class="strings-matching-title"
            >
              String Match
            </span>
            <span>
              (RegEx Only)
            </span>
            <div
              class="d-flex"
            >
              <div
                class="string-match-input-root flex-grow-1"
              >
                <div
                  class="dropdown dropdown-root base-select-container"
                >
                  <div
                    aria-expanded="false"
                    aria-haspopup="true"
                    class="dropdown-toggle"
                  >
                    <div
                      class="input-group base-select-input-root select-input-root form-control-inset"
                    >
                      <div
                        class="input-group-item"
                      >
                        <input
                          autocomplete="off"
                          class="input-root form-control input-group-inset input-group-inset-after"
                          placeholder=""
                          type="text"
                          value=""
                        />
                        <div
                          class="input-group-inset-item input-group-inset-item-after"
                        >
                          <svg
                            class="lexicon-icon lexicon-icon-caret-bottom icon-root"
                            role="presentation"
                          >
                            <use
                              href="#caret-bottom"
                            />
                          </svg>
                        </div>
                      </div>
                    </div>
                  </div>
                </div>
              </div>
              <div
                class="find-matches-button-container d-flex flex-column justify-content-center"
              >
                <button
                  class="button-root btn btn-secondary"
                  disabled=""
                  type="button"
                >
                  Find Matches
                </button>
              </div>
            </div>
          </div>
        </div>
      </div>
      <div
        class="modal-footer"
      >
        <button
          class="button-root btn btn-secondary"
          type="button"
        >
          Cancel
        </button>
        <button
          class="button-root btn btn-primary"
          disabled=""
          type="button"
        >
          Add Rule
        </button>
      </div>
    </div>
  </div>
</div>
`;
