// Jest Snapshot v1, https://goo.gl/fbAQLP

exports[`Event Analysis Editor render 1`] = `
<div>
  <div
    class="card card-root event-analysis-editor-root"
    id="container.report.eventAnalysisPage"
  >
    <div
      class="event-analysis-builder-root d-flex flex-column"
    >
      <div
        class="event-section-root d-flex align-items-center"
      >
        <div
          class="section-header"
        >
          Analyze
        </div>
        <div
          class="event-container d-flex justify-content-between"
        >
          <div
            class="event-list"
          />
          <div
            class="dropdown"
          >
            <button
              aria-expanded="false"
              aria-haspopup="true"
              aria-label="Add"
              class="dropdown-toggle button-root add-event-button btn btn-sm btn-primary"
              type="button"
            >
              <svg
                class="lexicon-icon lexicon-icon-plus icon-root"
                role="presentation"
              >
                <use
                  href="#plus"
                />
              </svg>
            </button>
          </div>
        </div>
      </div>
      <div
        class="attribute-breakdown-section-root d-flex align-items-center"
      >
        <div
          class="section-header"
        >
          Breakdown
        </div>
      </div>
      <div
        class="attribute-filter-section-root d-flex align-items-center"
      >
        <div
          class="section-header"
        >
          Filter
        </div>
      </div>
    </div>
    <div
      class="options-container d-flex flex-column-reverse flex-md-row justify-content-between"
    >
      <ul
        class="card-tabs-root type-selector small"
      >
        <li
          class="card-tab active"
          data-testid="TOTAL"
        >
          <button
            class="button-root btn btn-unstyled"
            type="button"
          >
            <span
              class="title"
            >
              Total
            </span>
            <div />
          </button>
        </li>
        <li
          class="card-tab"
          data-testid="UNIQUE"
        >
          <button
            class="button-root btn btn-unstyled"
            type="button"
          >
            <span
              class="title"
            >
              Unique
            </span>
            <div />
          </button>
        </li>
        <li
          class="card-tab"
          data-testid="AVERAGE"
        >
          <button
            class="button-root btn btn-unstyled"
            type="button"
          >
            <span
              class="title"
            >
              Average
            </span>
            <div />
          </button>
        </li>
      </ul>
      <div
        class="d-flex align-items-center mb-3 mb-md-0"
      >
        <div
          class="custom-control custom-checkbox compare-to-previous-checkbox mb-0 mr-4"
        >
          <label>
            <input
              class="custom-control-input"
              type="checkbox"
              value="false"
            />
            <span
              class="custom-control-label"
            >
              <span
                class="custom-control-label-text"
              >
                Compare to Previous
              </span>
            </span>
          </label>
        </div>
        <span
          aria-hidden="true"
          class="loading-root loading-animation"
        />
      </div>
    </div>
    <div
      class="breakdown-empty"
    >
      Add an event to analyze.
    </div>
  </div>
</div>
`;
