// Jest Snapshot v1, https://goo.gl/fbAQLP

exports[`Event Analysis Edit should render 1`] = `
<div>
  <div
    class="index-root create-event-analysis-root"
  >
    <div
      class="maintenance-alert-root"
    />
    <header
      class="header-root"
    >
      <div
        class="header-container"
      >
        <div
          class="row-root align-items-center d-flex justify-content-between"
        >
          <ol
            class="breadcrumb breadcrumbs-root"
          >
            <li
              class="breadcrumb-item"
            >
              <a
                class="breadcrumb-text-truncate breadcrumb-link"
                href="/workspace/456/123/sites"
              >
                Home
              </a>
            </li>
            <li
              class="breadcrumb-item"
            >
              <a
                class="breadcrumb-text-truncate breadcrumb-link"
                href="/workspace/456/123/event-analysis"
              >
                Event Analysis
              </a>
            </li>
          </ol>
        </div>
        <div
          class="header-section title-section"
        >
          <span
            class="align-items-center d-flex"
          >
            <h1
              class="title text-truncate"
            >
              <span
                class="text-truncate"
                data-tooltip="false"
                title=""
              >
                Event Analysis
              </span>
            </h1>
          </span>
        </div>
      </div>
    </header>
    <form
      class="form-root"
    >
      <div
        class="sub-header-root"
      >
        <div
          class="row-root align-items-center d-flex justify-content-between header-container"
        >
          <div
            class="event-analysis-toolbar-root"
          >
            <div
              class="event-analysis-toolbar-left-content"
            >
              <div
                class="title-editor-root"
              >
                <input
                  class="title-input hide"
                  name="name"
                  placeholder="Unnamed Analysis"
                  required=""
                  type="text"
                  value="My First Event Analysis"
                />
                <div
                  class="title-display"
                >
                  <span
                    class="title-value"
                    role="button"
                    tabindex="0"
                  >
                    My First Event Analysis
                  </span>
                  <button
                    aria-label="Edit"
                    class="button-root btn btn-outline-borderless btn-sm btn-outline-unstyled"
                    type="button"
                  >
                    <svg
                      class="lexicon-icon lexicon-icon-pencil icon-root"
                      role="presentation"
                    >
                      <use
                        href="#pencil"
                      />
                    </svg>
                  </button>
                </div>
              </div>
            </div>
            <div
              class="d-flex event-analysis-toolbar-right-content"
            >
              <div
                class="event-analysis-download-report mr-2"
              >
                <div
                  class="download-report"
                >
                  <button
                    class="btn btn-outline-borderless btn-sm btn-outline-secondary"
                    type="button"
                  >
                    <svg
                      class="lexicon-icon lexicon-icon-download mr-2"
                      role="presentation"
                    >
                      <use
                        href="#download"
                      />
                    </svg>
                    Download Reports
                  </button>
                </div>
              </div>
              <button
                class="button-root ml-1 mr-2 btn btn-sm btn-primary"
                disabled=""
                type="submit"
              >
                Save Analysis
              </button>
              <a
                class="button-root btn btn-sm btn-secondary"
                href="/workspace/456/123/event-analysis"
              >
                Cancel
              </a>
            </div>
          </div>
        </div>
      </div>
    </form>
    <div
      class="body-root page-container"
    >
      <span
        class="children-wrapper"
      >
        <div
          class="card card-root event-analysis-editor-root"
          id="container.report.eventAnalysisPage"
        >
          <div
            class="event-analysis-builder-root d-flex flex-column"
          >
            <div
              class="event-section-root d-flex align-items-center"
            >
              <div
                class="section-header"
              >
                Analyze
              </div>
              <div
                class="event-container d-flex justify-content-between"
              >
                <div
                  class="event-list"
                >
                  <div
                    class="dropdown"
                  >
                    <div
                      class="chip-root d-flex align-items-center justify-content-between event-chip-root"
                    >
                      <button
                        class="button-root event-name btn btn-unstyled"
                        type="button"
                      >
                        assetClicked
                      </button>
                      <button
                        aria-label="Close"
                        class="button-root remove-button btn btn-unstyled"
                        type="button"
                      >
                        <svg
                          class="lexicon-icon lexicon-icon-times-circle icon-root"
                          role="presentation"
                        >
                          <use
                            href="#times-circle"
                          />
                        </svg>
                      </button>
                    </div>
                  </div>
                </div>
              </div>
            </div>
            <div
              class="attribute-breakdown-section-root d-flex align-items-center"
            >
              <div
                class="section-header"
              >
                Breakdown
              </div>
              <div
                class="attribute-container d-flex align-items-center justify-content-between"
              >
                <div
                  class="attribute-list d-flex align-items-center"
                >
                  <div
                    class="dropdown"
                  >
                    <div
                      class="attribute-chip-container"
                    >
                      <div
                        class="chip-root d-flex align-items-center justify-content-between attribute-chip-root"
                      >
                        <div
                          class="drag-handle"
                          draggable="true"
                        >
                          <svg
                            class="lexicon-icon lexicon-icon-drag icon-root"
                            role="presentation"
                          >
                            <use
                              href="#drag"
                            />
                          </svg>
                        </div>
                        <button
                          class="button-root edit-attribute-button d-flex btn btn-unstyled"
                          type="button"
                        >
                          <div
                            class="sticker"
                          >
                            <svg
                              class="lexicon-icon lexicon-icon-text icon-root"
                              role="presentation"
                            >
                              <use
                                href="#text"
                              />
                            </svg>
                          </div>
                          <div>
                            <div
                              class="attribute-label"
                            >
                              Event
                            </div>
                            <div
                              class="attribute-value"
                            >
                              assetId
                            </div>
                          </div>
                        </button>
                        <button
                          aria-label="Close"
                          class="button-root remove-button btn btn-unstyled"
                          type="button"
                        >
                          <svg
                            class="lexicon-icon lexicon-icon-times-circle icon-root"
                            role="presentation"
                          >
                            <use
                              href="#times-circle"
                            />
                          </svg>
                        </button>
                      </div>
                    </div>
                  </div>
                  <div
                    class="dropdown"
                  >
                    <div
                      class="attribute-chip-container"
                    >
                      <div
                        class="chip-root d-flex align-items-center justify-content-between attribute-chip-root"
                      >
                        <div
                          class="drag-handle"
                          draggable="true"
                        >
                          <svg
                            class="lexicon-icon lexicon-icon-drag icon-root"
                            role="presentation"
                          >
                            <use
                              href="#drag"
                            />
                          </svg>
                        </div>
                        <button
                          class="button-root edit-attribute-button d-flex btn btn-unstyled"
                          type="button"
                        >
                          <div
                            class="sticker"
                          >
                            <svg
                              class="lexicon-icon lexicon-icon-text icon-root"
                              role="presentation"
                            >
                              <use
                                href="#text"
                              />
                            </svg>
                          </div>
                          <div>
                            <div
                              class="attribute-label"
                            >
                              Event
                            </div>
                            <div
                              class="attribute-value"
                            >
                              category
                            </div>
                          </div>
                        </button>
                        <button
                          aria-label="Close"
                          class="button-root remove-button btn btn-unstyled"
                          type="button"
                        >
                          <svg
                            class="lexicon-icon lexicon-icon-times-circle icon-root"
                            role="presentation"
                          >
                            <use
                              href="#times-circle"
                            />
                          </svg>
                        </button>
                      </div>
                    </div>
                  </div>
                </div>
                <div
                  class="dropdown"
                >
                  <button
                    aria-expanded="false"
                    aria-haspopup="true"
                    aria-label="Add"
                    class="dropdown-toggle button-root add-attribute btn btn-outline-borderless btn-sm btn-outline-secondary"
                    type="button"
                  >
                    <svg
                      class="lexicon-icon lexicon-icon-plus icon-root"
                      role="presentation"
                    >
                      <use
                        href="#plus"
                      />
                    </svg>
                  </button>
                </div>
              </div>
            </div>
            <div
              class="attribute-filter-section-root d-flex align-items-center"
            >
              <div
                class="section-header"
              >
                Filter
              </div>
              <div
                class="attribute-container d-flex align-items-center justify-content-between"
              >
                <div
                  class="attribute-list d-flex align-items-center"
                >
                  <div
                    class="dropdown"
                  >
                    <div
                      class="attribute-chip-container"
                    >
                      <div
                        class="chip-root d-flex align-items-center justify-content-between attribute-chip-root"
                      >
                        <button
                          class="button-root edit-attribute-button d-flex btn btn-unstyled"
                          type="button"
                        >
                          <div
                            class="sticker"
                          >
                            <svg
                              class="lexicon-icon lexicon-icon-text icon-root"
                              role="presentation"
                            >
                              <use
                                href="#text"
                              />
                            </svg>
                          </div>
                          <div>
                            <div
                              class="attribute-label"
                            >
                              Event | pageTitle
                            </div>
                            <div
                              class="attribute-value"
                            >
                              contains "page title"
                            </div>
                          </div>
                        </button>
                        <button
                          aria-label="Close"
                          class="button-root remove-button btn btn-unstyled"
                          type="button"
                        >
                          <svg
                            class="lexicon-icon lexicon-icon-times-circle icon-root"
                            role="presentation"
                          >
                            <use
                              href="#times-circle"
                            />
                          </svg>
                        </button>
                      </div>
                    </div>
                  </div>
                </div>
                <div
                  class="dropdown"
                >
                  <button
                    aria-expanded="false"
                    aria-haspopup="true"
                    aria-label="Add"
                    class="dropdown-toggle button-root add-attribute btn btn-outline-borderless btn-sm btn-outline-secondary"
                    type="button"
                  >
                    <svg
                      class="lexicon-icon lexicon-icon-plus icon-root"
                      role="presentation"
                    >
                      <use
                        href="#plus"
                      />
                    </svg>
                  </button>
                </div>
              </div>
            </div>
          </div>
          <div
            class="options-container d-flex flex-column-reverse flex-md-row justify-content-between"
          >
            <ul
              class="card-tabs-root type-selector small"
            >
              <li
                class="card-tab active"
                data-testid="TOTAL"
              >
                <button
                  class="button-root btn btn-unstyled"
                  type="button"
                >
                  <span
                    class="title"
                  >
                    Total
                  </span>
                  <div />
                </button>
              </li>
              <li
                class="card-tab"
                data-testid="UNIQUE"
              >
                <button
                  class="button-root btn btn-unstyled"
                  type="button"
                >
                  <span
                    class="title"
                  >
                    Unique
                  </span>
                  <div />
                </button>
              </li>
              <li
                class="card-tab"
                data-testid="AVERAGE"
              >
                <button
                  class="button-root btn btn-unstyled"
                  type="button"
                >
                  <span
                    class="title"
                  >
                    Average
                  </span>
                  <div />
                </button>
              </li>
            </ul>
            <div
              class="d-flex align-items-center mb-3 mb-md-0"
            >
              <div
                class="custom-control custom-checkbox compare-to-previous-checkbox mb-0 mr-4"
              >
                <label>
                  <input
                    checked=""
                    class="custom-control-input"
                    type="checkbox"
                    value="true"
                  />
                  <span
                    class="custom-control-label"
                  >
                    <span
                      class="custom-control-label-text"
                    >
                      Compare to Previous
                    </span>
                  </span>
                </label>
              </div>
              <div
                class="dropdown dropdown-range-key-root"
              >
                <button
                  aria-expanded="false"
                  aria-haspopup="true"
                  class="dropdown-toggle button-root btn btn-outline-borderless btn-sm btn-outline-secondary"
                  type="button"
                >
                  Last 90 days
                  <svg
                    class="lexicon-icon lexicon-icon-caret-bottom icon-root ml-2"
                    role="presentation"
                  >
                    <use
                      href="#caret-bottom"
                    />
                  </svg>
                </button>
              </div>
            </div>
          </div>
          <div
            class="error-display-root flex-grow-1 error-spacer no-results-root flex-grow-1"
          >
            <div
              class="no-results-content"
            >
              <div
                class="h4 no-results-title"
              >
                An unexpected error occurred.
              </div>
              <button
                class="button-root btn btn-secondary"
                type="button"
              >
                Reload
              </button>
            </div>
          </div>
        </div>
      </span>
    </div>
  </div>
</div>
`;
